---
source: crates/skribble_core/src/config/__tests.rs
expression: "StyleConfig::default()"
---
{
  "options": {
    "output": "skribble.css",
    "root": "./",
    "files": [
      "**"
    ],
    "charset": "utf-8",
    "defaultLayer": "default",
    "colorFormat": "hsl",
    "mergeRules": {
      "keyframes": "append",
      "variables": "append",
      "mediaQueries": "append",
      "modifiers": "append",
      "rules": "append",
      "classes": "append",
      "palette": "append",
      "atoms": "append",
      "groups": "append"
    },
    "useRegisteredProperties": false,
    "variablePrefix": "sk",
    "defaultColor": "#000000",
    "minify": false,
    "disableFormatting": false,
    "formatters": []
  },
  "layers": [
    {
      "priority": 250,
      "value": "base"
    },
    {
      "priority": 250,
      "value": "alias"
    },
    {
      "priority": 150,
      "value": "default"
    }
  ],
  "cssChunks": [],
  "keyframes": [],
  "variables": [],
  "mediaQueries": [],
  "modifiers": [],
  "transformers": [],
  "atoms": [],
  "classes": [],
  "aliases": [],
  "palette": {},
  "valueSets": []
}
