---
source: crates/skribble_preset/src/__tests.rs
expression: runner_config
---
{
  "layers": [
    "default"
  ],
  "keyframes": {
    "in": {
      "name": "in",
      "description": "Manages the keyframes for the entry animation",
      "priority": 150,
      "from": {
        "opacity": "var(__:CSS_VARIABLE::enterOpacity:__, 1)",
        "transform": "translate3d(var(__:CSS_VARIABLE::enterTranslateX:__, 0), var(__:CSS_VARIABLE::enterTranslateY:__, 0), 0) scale3d(var(__:CSS_VARIABLE::enterScaleX:__, 1), var(__:CSS_VARIABLE::enterScaleY:__, 1), 1) rotate(var(__:CSS_VARIABLE::enterRotate:__, 0deg))"
      }
    },
    "out": {
      "name": "out",
      "description": "Manages the keyframes for the exit animation.",
      "priority": 150,
      "to": {
        "opacity": "var(__:CSS_VARIABLE::exitOpacity:__, 1)",
        "transform": "translate3d(var(__:CSS_VARIABLE::exitTranslateX:__, 0), var(__:CSS_VARIABLE::exitTranslateY:__, 0), 0) scale3d(var(__:CSS_VARIABLE::exitScaleX:__, 1), var(__:CSS_VARIABLE::exitScaleY:__, 1), 1) rotate(var(__:CSS_VARIABLE::exitRotate:__, 0deg))"
      }
    },
    "spin": {
      "name": "spin",
      "description": "Manages the keyframes for the spin animation.",
      "priority": 150,
      "from": {
        "transform": "rotate(0deg)"
      },
      "to": {
        "transform": "rotate(360deg)"
      }
    },
    "ping": {
      "name": "ping",
      "description": "Manages the keyframes for the ping animation.",
      "priority": 150,
      "75%, 100%": {
        "transform": "scale(2)",
        "opacity": "0"
      }
    },
    "pulse": {
      "name": "pulse",
      "description": "Manages the keyframes for the pulse animation.",
      "priority": 150,
      "0%, 100%": {
        "opacity": "1"
      },
      "50%": {
        "opacity": "0.5"
      }
    },
    "bounce": {
      "name": "bounce",
      "description": "Manages the keyframes for the bounce animation.",
      "priority": 150,
      "0%, 100%": {
        "transform": "translateY(-25%)",
        "animationTimingFunction": "cubic-bezier(0.8, 0, 1, 1)"
      },
      "50%": {
        "transform": "translateY(0)",
        "animationTimingFunction": "cubic-bezier(0, 0, 0.2, 1)"
      }
    }
  },
  "css_variables": {
    "primary": {
      "name": "primary",
      "description": "The primary color. Useful for primary buttons.",
      "priority": 150,
      "variable": "--p",
      "syntax": "<color>",
      "value": "#570df8",
      "mediaQueries": {}
    },
    "primaryContent": {
      "name": "primaryContent",
      "description": "The primary content color",
      "priority": 150,
      "variable": "--pc",
      "syntax": "<color>",
      "value": "__:PALETTE::white:__",
      "mediaQueries": {}
    },
    "secondary": {
      "name": "secondary",
      "description": "The secondary color. Useful for secondary buttons.",
      "priority": 150,
      "variable": "--s",
      "syntax": "<color>",
      "value": "#f000b8",
      "mediaQueries": {}
    },
    "secondaryContent": {
      "name": "secondaryContent",
      "description": "The secondary content color. Useful for text within secondary buttons.",
      "priority": 150,
      "variable": "--sc",
      "syntax": "<color>",
      "value": "__:PALETTE::white:__",
      "mediaQueries": {}
    },
    "accent": {
      "name": "accent",
      "description": "Color for accents.",
      "priority": 150,
      "variable": "--a",
      "syntax": "<color>",
      "value": "#37cdbe",
      "mediaQueries": {}
    },
    "accentContent": {
      "name": "accentContent",
      "description": "Color for content within accents.",
      "priority": 150,
      "variable": "--ac",
      "syntax": "<color>",
      "value": "#163835",
      "mediaQueries": {}
    },
    "neutral": {
      "name": "neutral",
      "description": "The neutral color.",
      "priority": 150,
      "variable": "--n",
      "syntax": "<color>",
      "value": "#3d4451",
      "mediaQueries": {}
    },
    "neutralContent": {
      "name": "neutralContent",
      "description": "The neutral content color.",
      "priority": 150,
      "variable": "--nc",
      "syntax": "<color>",
      "value": "__:PALETTE::white:__",
      "mediaQueries": {}
    },
    "base100": {
      "name": "base100",
      "description": "The base color.",
      "priority": 150,
      "variable": "--b1",
      "syntax": "<color>",
      "value": "__:PALETTE::white:__",
      "mediaQueries": {}
    },
    "base200": {
      "name": "base200",
      "description": "The secondary base color.",
      "priority": 150,
      "variable": "--b2",
      "syntax": "<color>",
      "value": "#F2F2F2",
      "mediaQueries": {}
    },
    "base300": {
      "name": "base300",
      "description": "The tertiary base color.",
      "priority": 150,
      "variable": "--b3",
      "syntax": "<color>",
      "value": "#E5E6E6",
      "mediaQueries": {}
    },
    "baseContent": {
      "name": "baseContent",
      "description": "The base content color. This is useful for text.",
      "priority": 150,
      "variable": "--bc",
      "syntax": "<color>",
      "value": "#1f2937",
      "mediaQueries": {}
    },
    "info": {
      "name": "info",
      "description": "The info color. Useful for info buttons and alerts.",
      "priority": 150,
      "variable": "--in",
      "syntax": "<color>",
      "value": "#0070F3",
      "mediaQueries": {}
    },
    "infoContent": {
      "name": "infoContent",
      "description": "The info content color. Useful for text within info buttons and alerts.",
      "priority": 150,
      "variable": "--inc",
      "syntax": "<color>",
      "value": "__:PALETTE::white:__",
      "mediaQueries": {}
    },
    "success": {
      "name": "success",
      "description": "The success color. Useful for success buttons and alerts.",
      "priority": 150,
      "variable": "--su",
      "syntax": "<color>",
      "value": "#21CC51",
      "mediaQueries": {}
    },
    "successContent": {
      "name": "successContent",
      "description": "The success content color. Useful for text within success buttons and alerts.",
      "priority": 150,
      "variable": "--suc",
      "syntax": "<color>",
      "value": "__:PALETTE::white:__",
      "mediaQueries": {}
    },
    "warning": {
      "name": "warning",
      "description": "The warning color. Useful for warning buttons and alerts.",
      "priority": 150,
      "variable": "--wa",
      "syntax": "<color>",
      "value": "#FF6154",
      "mediaQueries": {}
    },
    "warningContent": {
      "name": "warningContent",
      "description": "The warning content color. Useful for text within warning buttons and alerts.",
      "priority": 150,
      "variable": "--wac",
      "syntax": "<color>",
      "value": "__:PALETTE::white:__",
      "mediaQueries": {}
    },
    "error": {
      "name": "error",
      "description": "The error color. Useful for error buttons and alerts.",
      "priority": 150,
      "variable": "--er",
      "syntax": "<color>",
      "value": "#DE1C8D",
      "mediaQueries": {}
    },
    "errorContent": {
      "name": "errorContent",
      "description": "The error content color. Useful for text within error buttons and alerts.",
      "priority": 150,
      "variable": "--erc",
      "syntax": "<color>",
      "value": "__:PALETTE::white:__",
      "mediaQueries": {}
    },
    "containedMaxWidth": {
      "name": "containedMaxWidth",
      "description": null,
      "priority": 150,
      "variable": "--cmw",
      "syntax": "*",
      "value": "inherit",
      "mediaQueries": {
        "__:MEDIA_QUERY::sm:__": {
          "": "640px"
        },
        "__:MEDIA_QUERY::md:__": {
          "": "768px"
        },
        "__:MEDIA_QUERY::lg:__": {
          "": "1024px"
        },
        "__:MEDIA_QUERY::xl:__": {
          "": "1280px"
        },
        "__:MEDIA_QUERY::xxl:__": {
          "": "1536px"
        }
      }
    },
    "empty": {
      "name": "empty",
      "description": null,
      "priority": 150,
      "variable": "--empty",
      "syntax": "*",
      "value": "/* */",
      "mediaQueries": {}
    },
    "filterBlur": {
      "name": "filterBlur",
      "description": null,
      "priority": 150,
      "variable": "--filter-blur",
      "syntax": "*",
      "value": null,
      "mediaQueries": {}
    },
    "filterBrightness": {
      "name": "filterBrightness",
      "description": null,
      "priority": 150,
      "variable": "--filter-brightness",
      "syntax": "*",
      "value": null,
      "mediaQueries": {}
    },
    "filterContrast": {
      "name": "filterContrast",
      "description": null,
      "priority": 150,
      "variable": "--filter-contrast",
      "syntax": "*",
      "value": null,
      "mediaQueries": {}
    },
    "filterCustom": {
      "name": "filterCustom",
      "description": null,
      "priority": 150,
      "variable": "--filter-custom",
      "syntax": "*",
      "value": null,
      "mediaQueries": {}
    },
    "filterGrayscale": {
      "name": "filterGrayscale",
      "description": null,
      "priority": 150,
      "variable": "--filter-grayscale",
      "syntax": "*",
      "value": null,
      "mediaQueries": {}
    },
    "filterHueRotate": {
      "name": "filterHueRotate",
      "description": null,
      "priority": 150,
      "variable": "--filter-hue-rotate",
      "syntax": "*",
      "value": null,
      "mediaQueries": {}
    },
    "filterInvert": {
      "name": "filterInvert",
      "description": null,
      "priority": 150,
      "variable": "--filter-invert",
      "syntax": "*",
      "value": null,
      "mediaQueries": {}
    },
    "filterSaturate": {
      "name": "filterSaturate",
      "description": null,
      "priority": 150,
      "variable": "--filter-saturate",
      "syntax": "*",
      "value": null,
      "mediaQueries": {}
    },
    "filterSepia": {
      "name": "filterSepia",
      "description": null,
      "priority": 150,
      "variable": "--filter-sepia",
      "syntax": "*",
      "value": null,
      "mediaQueries": {}
    },
    "filterDropShadow": {
      "name": "filterDropShadow",
      "description": null,
      "priority": 150,
      "variable": "--filter-drop-shadow",
      "syntax": "*",
      "value": null,
      "mediaQueries": {}
    },
    "groupNestedFilter": {
      "name": "groupNestedFilter",
      "description": null,
      "priority": 150,
      "variable": "--group-nested-filter",
      "syntax": "*",
      "value": "var(__:CSS_VARIABLE::filterBlur:__) var(__:CSS_VARIABLE::filterBrightness:__) var(__:CSS_VARIABLE::filterContrast:__) var(__:CSS_VARIABLE::filterGrayscale:__) var(__:CSS_VARIABLE::filterHueRotate:__) var(__:CSS_VARIABLE::filterInvert:__) var(__:CSS_VARIABLE::filterSaturate:__) var(__:CSS_VARIABLE::filterSepia:__) var(__:CSS_VARIABLE::filterDropShadow:__) var(__:CSS_VARIABLE::filterCustom:__)",
      "mediaQueries": {}
    },
    "backdropBlur": {
      "name": "backdropBlur",
      "description": null,
      "priority": 150,
      "variable": "--backdrop-blur",
      "syntax": "*",
      "value": null,
      "mediaQueries": {}
    },
    "backdropBrightness": {
      "name": "backdropBrightness",
      "description": null,
      "priority": 150,
      "variable": "--backdrop-brightness",
      "syntax": "*",
      "value": null,
      "mediaQueries": {}
    },
    "backdropContrast": {
      "name": "backdropContrast",
      "description": null,
      "priority": 150,
      "variable": "--backdrop-contrast",
      "syntax": "*",
      "value": null,
      "mediaQueries": {}
    },
    "backdropCustom": {
      "name": "backdropCustom",
      "description": null,
      "priority": 150,
      "variable": "--backdrop-custom",
      "syntax": "*",
      "value": null,
      "mediaQueries": {}
    },
    "backdropGrayscale": {
      "name": "backdropGrayscale",
      "description": null,
      "priority": 150,
      "variable": "--backdrop-grayscale",
      "syntax": "*",
      "value": null,
      "mediaQueries": {}
    },
    "backdropHueRotate": {
      "name": "backdropHueRotate",
      "description": null,
      "priority": 150,
      "variable": "--backdrop-hue-rotate",
      "syntax": "*",
      "value": null,
      "mediaQueries": {}
    },
    "backdropInvert": {
      "name": "backdropInvert",
      "description": null,
      "priority": 150,
      "variable": "--backdrop-invert",
      "syntax": "*",
      "value": null,
      "mediaQueries": {}
    },
    "backdropSaturate": {
      "name": "backdropSaturate",
      "description": null,
      "priority": 150,
      "variable": "--backdrop-saturate",
      "syntax": "*",
      "value": null,
      "mediaQueries": {}
    },
    "backdropSepia": {
      "name": "backdropSepia",
      "description": null,
      "priority": 150,
      "variable": "--backdrop-sepia",
      "syntax": "*",
      "value": null,
      "mediaQueries": {}
    },
    "backdropDropShadow": {
      "name": "backdropDropShadow",
      "description": null,
      "priority": 150,
      "variable": "--backdrop-drop-shadow",
      "syntax": "*",
      "value": null,
      "mediaQueries": {}
    },
    "groupNestedBackdrop": {
      "name": "groupNestedBackdrop",
      "description": null,
      "priority": 150,
      "variable": "--gnb",
      "syntax": "*",
      "value": "var(__:CSS_VARIABLE::backdropBlur:__) var(__:CSS_VARIABLE::backdropBrightness:__) var(__:CSS_VARIABLE::backdropContrast:__) var(__:CSS_VARIABLE::backdropGrayscale:__) var(__:CSS_VARIABLE::backdropHueRotate:__) var(__:CSS_VARIABLE::backdropInvert:__) var(__:CSS_VARIABLE::backdropSaturate:__) var(__:CSS_VARIABLE::backdropSepia:__) var(__:CSS_VARIABLE::backdropDropShadow:__) var(__:CSS_VARIABLE::backdropCustom:__)",
      "mediaQueries": {}
    },
    "transitionDuration": {
      "name": "transitionDuration",
      "description": null,
      "priority": 150,
      "variable": "--transition-duration",
      "syntax": "<time>",
      "value": "150ms",
      "mediaQueries": {}
    },
    "animationDuration": {
      "name": "animationDuration",
      "description": null,
      "priority": 150,
      "variable": "--animation-duration",
      "syntax": "<time>",
      "value": "1s",
      "mediaQueries": {}
    },
    "enterOpacity": {
      "name": "enterOpacity",
      "description": null,
      "priority": 150,
      "variable": "--enter-opacity",
      "syntax": [
        "<number>",
        "<percentage>"
      ],
      "value": "1",
      "mediaQueries": {}
    },
    "enterTranslateX": {
      "name": "enterTranslateX",
      "description": null,
      "priority": 150,
      "variable": "--enter-tx",
      "syntax": "<length-percentage>",
      "value": "0",
      "mediaQueries": {}
    },
    "enterTranslateY": {
      "name": "enterTranslateY",
      "description": null,
      "priority": 150,
      "variable": "--enter-ty",
      "syntax": "<length-percentage>",
      "value": "0",
      "mediaQueries": {}
    },
    "enterScaleX": {
      "name": "enterScaleX",
      "description": null,
      "priority": 150,
      "variable": "--enter-sx",
      "syntax": [
        "<number>",
        "<percentage>"
      ],
      "value": "1",
      "mediaQueries": {}
    },
    "enterScaleY": {
      "name": "enterScaleY",
      "description": null,
      "priority": 150,
      "variable": "--enter-sy",
      "syntax": [
        "<number>",
        "<percentage>"
      ],
      "value": "1",
      "mediaQueries": {}
    },
    "enterRotate": {
      "name": "enterRotate",
      "description": null,
      "priority": 150,
      "variable": "--enter-rotate",
      "syntax": "<angle>",
      "value": "0",
      "mediaQueries": {}
    },
    "exitOpacity": {
      "name": "exitOpacity",
      "description": null,
      "priority": 150,
      "variable": "--exit-opacity",
      "syntax": [
        "<number>",
        "<percentage>"
      ],
      "value": "1",
      "mediaQueries": {}
    },
    "exitTranslateX": {
      "name": "exitTranslateX",
      "description": null,
      "priority": 150,
      "variable": "--exit-tx",
      "syntax": "<length-percentage>",
      "value": "0",
      "mediaQueries": {}
    },
    "exitTranslateY": {
      "name": "exitTranslateY",
      "description": null,
      "priority": 150,
      "variable": "--exit-ty",
      "syntax": "<length-percentage>",
      "value": "0",
      "mediaQueries": {}
    },
    "exitScaleX": {
      "name": "exitScaleX",
      "description": null,
      "priority": 150,
      "variable": "--exit-sx",
      "syntax": [
        "<number>",
        "<percentage>"
      ],
      "value": "1",
      "mediaQueries": {}
    },
    "exitScaleY": {
      "name": "exitScaleY",
      "description": null,
      "priority": 150,
      "variable": "--exit-sy",
      "syntax": [
        "<number>",
        "<percentage>"
      ],
      "value": "1",
      "mediaQueries": {}
    },
    "exitRotate": {
      "name": "exitRotate",
      "description": null,
      "priority": 150,
      "variable": "--exit-rotate",
      "syntax": "<angle>",
      "value": "0",
      "mediaQueries": {}
    }
  },
  "media_queries": {
    "deviceCategories": {
      "screen": {
        "name": "screen",
        "query": "screen",
        "description": "The media query for devices with a screen.",
        "priority": 150
      },
      "print": {
        "name": "print",
        "query": "print",
        "description": "The media query for devices with a printer.",
        "priority": 150
      }
    },
    "breakpoints": {
      "sm": {
        "name": "sm",
        "query": "(min-width: 640px)",
        "description": "The breakpoint for devices with screen size greater than tiny.",
        "priority": 150
      },
      "md": {
        "name": "md",
        "query": "(min-width: 768px)",
        "description": "The breakpoint for devices screen size greater than medium",
        "priority": 150
      },
      "lg": {
        "name": "lg",
        "query": "(min-width: 1024px)",
        "description": "The breakpoint for devices screen size greater than large",
        "priority": 150
      },
      "xl": {
        "name": "xl",
        "query": "(min-width: 1280px)",
        "description": "The breakpoint for devices screen size greater than extra large",
        "priority": 150
      },
      "xxl": {
        "name": "xxl",
        "query": "(min-width: 1536px)",
        "description": "The breakpoint for devices screen size greater than xxl",
        "priority": 150
      }
    },
    "orientation": {
      "portrait": {
        "name": "portrait",
        "query": "(orientation: portrait)",
        "description": "The media query for devices with a portrait orientation.",
        "priority": 150
      },
      "landscape": {
        "name": "landscape",
        "query": "(orientation: landscape)",
        "description": "The media query for devices with a landscape orientation.",
        "priority": 150
      }
    },
    "motion": {
      "motionReduce": {
        "name": "motionReduce",
        "query": "(prefers-reduced-motion: reduce)",
        "description": "The media query for devices with a reduced motion preference.",
        "priority": 150
      },
      "motionSafe": {
        "name": "motionSafe",
        "query": "(prefers-reduced-motion: no-preference)",
        "description": "The media query for devices with a no preference motion preference.",
        "priority": 150
      }
    },
    "darkMode": {
      "dark": {
        "name": "dark",
        "query": "(prefers-color-scheme: dark)",
        "description": "The media query for devices with a dark color scheme.",
        "priority": 150
      },
      "light": {
        "name": "light",
        "query": "(prefers-color-scheme: light)",
        "description": "The media query for devices with a light color scheme.",
        "priority": 150
      }
    }
  },
  "modifiers": {
    "parentGroup": {
      "rtl": {
        "name": "rtl",
        "values": [
          "[dir=rtl] &"
        ],
        "description": "This class modifier becomes active when when the text direction of any parent nodes is set to right to left.",
        "priority": 150
      },
      "groupHover": {
        "name": "groupHover",
        "values": [
          ".\\$group:hover &",
          ".group:hover &",
          "[role='group']:hover &"
        ],
        "description": "This class modifier becomes active when a parent group is hovered.",
        "priority": 150
      },
      "groupFocus": {
        "name": "groupFocus",
        "values": [
          ".\\$group:focus &",
          ".group:focus &",
          "[role='group']:focus &"
        ],
        "description": "This class modifier becomes active when a parent group is focused.",
        "priority": 150
      },
      "groupActive": {
        "name": "groupActive",
        "values": [
          ".\\$group:active &",
          ".group:active &",
          "[role='group']:active &"
        ],
        "description": "This class modifier becomes active when a parent group is active.",
        "priority": 150
      },
      "groupVisited": {
        "name": "groupVisited",
        "values": [
          ".\\$group:visited &",
          ".group:visited &",
          "[role='group']:visited &"
        ],
        "description": "This class modifier becomes active when a parent group is visited.",
        "priority": 150
      }
    },
    "hoverGroup": {
      "hover": {
        "name": "hover",
        "values": [
          "&:hover"
        ],
        "description": "This class modifier becomes active when the element is hovered.",
        "priority": 150
      }
    },
    "activeGroup": {
      "active": {
        "name": "active",
        "values": [
          "&:active"
        ],
        "description": null,
        "priority": 150
      },
      "activeLink": {
        "name": "activeLink",
        "values": [
          "&[aria-current=page]"
        ],
        "description": null,
        "priority": 150
      },
      "activeLocation": {
        "name": "activeLocation",
        "values": [
          "&[aria-current=location]"
        ],
        "description": null,
        "priority": 150
      },
      "activeDate": {
        "name": "activeDate",
        "values": [
          "&[aria-current=date]"
        ],
        "description": null,
        "priority": 150
      },
      "activeTime": {
        "name": "activeTime",
        "values": [
          "&[aria-current=time]"
        ],
        "description": null,
        "priority": 150
      },
      "activeStep": {
        "name": "activeStep",
        "values": [
          "&[aria-current=step]"
        ],
        "description": null,
        "priority": 150
      }
    },
    "focusGroup": {
      "focus": {
        "name": "focus",
        "values": [
          "&:focus"
        ],
        "description": null,
        "priority": 150
      }
    },
    "focusWithinGroup": {
      "focusWithin": {
        "name": "focusWithin",
        "values": [
          "&:focus-within"
        ],
        "description": null,
        "priority": 150
      }
    },
    "focusVisibleGroup": {
      "focusVisible": {
        "name": "focusVisible",
        "values": [
          "&:focus-visible"
        ],
        "description": null,
        "priority": 150
      }
    },
    "enabledGroup": {
      "disabled": {
        "name": "disabled",
        "values": [
          "&[disabled]",
          "&[aria-disabled=true]",
          "&:disabled"
        ],
        "description": null,
        "priority": 150
      },
      "notDisabled": {
        "name": "notDisabled",
        "values": [
          "&[aria-disabled=false]",
          "&:disabled"
        ],
        "description": null,
        "priority": 150
      },
      "enabled": {
        "name": "enabled",
        "values": [
          "&:enabled"
        ],
        "description": null,
        "priority": 150
      }
    },
    "emptyGroup": {
      "empty": {
        "name": "empty",
        "values": [
          "&:empty"
        ],
        "description": null,
        "priority": 150
      }
    },
    "readGroup": {
      "readWrite": {
        "name": "readWrite",
        "values": [
          "&:read-write"
        ],
        "description": null,
        "priority": 150
      },
      "readOnly": {
        "name": "readOnly",
        "values": [
          "&[aria-readonly=true]",
          "&[readonly]",
          "&:read-only"
        ],
        "description": null,
        "priority": 150
      },
      "notReadOnly": {
        "name": "notReadOnly",
        "values": [
          "&[aria-readonly=false]",
          "&[readonly=false]",
          "&:not(:read-only)"
        ],
        "description": null,
        "priority": 150
      }
    },
    "expandedGroup": {
      "expanded": {
        "name": "expanded",
        "values": [
          "&[aria-expanded=true]"
        ],
        "description": null,
        "priority": 150
      }
    },
    "checkedGroup": {
      "indeterminate": {
        "name": "indeterminate",
        "values": [
          "&:indeterminate",
          "&[aria-checked=mixed]"
        ],
        "description": null,
        "priority": 150
      },
      "checked": {
        "name": "checked",
        "values": [
          "&[aria-checked=true]",
          "&:checked"
        ],
        "description": null,
        "priority": 150
      },
      "unchecked": {
        "name": "unchecked",
        "values": [
          "&[aria-checked=false]",
          "&:not(:checked)"
        ],
        "description": null,
        "priority": 150
      }
    },
    "grabbedGroup": {
      "grabbed": {
        "name": "grabbed",
        "values": [
          "&[aria-grabbed=true]"
        ],
        "description": null,
        "priority": 150
      }
    },
    "pressedGroup": {
      "pressed": {
        "name": "pressed",
        "values": [
          "&[aria-pressed=true]"
        ],
        "description": null,
        "priority": 150
      }
    },
    "invalidGrammarGroup": {
      "invalidGrammar": {
        "name": "invalidGrammar",
        "values": [
          "&[aria-invalid=grammar]"
        ],
        "description": null,
        "priority": 150
      }
    },
    "invalidSpellingGroup": {
      "invalidSpelling": {
        "name": "invalidSpelling",
        "values": [
          "&[aria-invalid=spelling]"
        ],
        "description": null,
        "priority": 150
      }
    },
    "validGroup": {
      "valid": {
        "name": "valid",
        "values": [
          "&[aria-invalid=false]",
          "&:valid"
        ],
        "description": null,
        "priority": 150
      },
      "invalid": {
        "name": "invalid",
        "values": [
          "&[aria-invalid=true]",
          "&:invalid"
        ],
        "description": null,
        "priority": 150
      }
    },
    "loadingGroup": {
      "loading": {
        "name": "loading",
        "values": [
          "&[aria-busy=true]"
        ],
        "description": null,
        "priority": 150
      }
    },
    "selectedGroup": {
      "selected": {
        "name": "selected",
        "values": [
          "&[aria-selected=true]"
        ],
        "description": null,
        "priority": 150
      }
    },
    "hiddenGroup": {
      "ariaHidden": {
        "name": "ariaHidden",
        "values": [
          "&[aria-hidden=true]"
        ],
        "description": null,
        "priority": 150
      }
    },
    "autofillGroup": {
      "autofill": {
        "name": "autofill",
        "values": [
          "&:-webkit-autofill"
        ],
        "description": null,
        "priority": 150
      }
    },
    "evenGroup": {
      "even": {
        "name": "even",
        "values": [
          "&:even"
        ],
        "description": null,
        "priority": 150
      },
      "odd": {
        "name": "odd",
        "values": [
          "&:odd"
        ],
        "description": null,
        "priority": 150
      },
      "evenOfType": {
        "name": "evenOfType",
        "values": [
          "&:nth-of-type(even)"
        ],
        "description": null,
        "priority": 150
      },
      "oddOfType": {
        "name": "oddOfType",
        "values": [
          "&:nth-of-type(odd)"
        ],
        "description": null,
        "priority": 150
      }
    },
    "nodePositionGroup": {
      "first": {
        "name": "first",
        "values": [
          "&:first"
        ],
        "description": null,
        "priority": 150
      },
      "notFirst": {
        "name": "notFirst",
        "values": [
          "&:not(:first-child)"
        ],
        "description": null,
        "priority": 150
      },
      "last": {
        "name": "last",
        "values": [
          "&:last"
        ],
        "description": null,
        "priority": 150
      },
      "notLast": {
        "name": "notLast",
        "values": [
          "&:not(:last-child)"
        ],
        "description": null,
        "priority": 150
      }
    },
    "nodeOfTypeGroup": {
      "firstOfType": {
        "name": "firstOfType",
        "values": [
          "&:first-of-type"
        ],
        "description": null,
        "priority": 150
      },
      "notFirstOfType": {
        "name": "notFirstOfType",
        "values": [
          "&:not(:first-of-type)"
        ],
        "description": null,
        "priority": 150
      },
      "lastOfType": {
        "name": "lastOfType",
        "values": [
          "&:last-of-type"
        ],
        "description": null,
        "priority": 150
      },
      "notLastOfType": {
        "name": "notLastOfType",
        "values": [
          "&:not(:last-of-type)"
        ],
        "description": null,
        "priority": 150
      }
    },
    "visitedGroup": {
      "visited": {
        "name": "visited",
        "values": [
          "&:visited"
        ],
        "description": null,
        "priority": 150
      }
    },
    "optionalGroup": {
      "optional": {
        "name": "optional",
        "values": [
          "&:optional"
        ],
        "description": null,
        "priority": 150
      }
    },
    "fullScreenGroup": {
      "fullScreen": {
        "name": "fullScreen",
        "values": [
          "&:fullscreen"
        ],
        "description": null,
        "priority": 150
      }
    },
    "targetGroup": {
      "target": {
        "name": "target",
        "values": [
          "&:target"
        ],
        "description": null,
        "priority": 150
      }
    },
    "placeholderShownGroup": {
      "placeholderShown": {
        "name": "placeholderShown",
        "values": [
          "&:placeholder-shown"
        ],
        "description": null,
        "priority": 150
      }
    },
    "requiredGroup": {
      "required": {
        "name": "required",
        "values": [
          "[aria-required=true]",
          "&:required"
        ],
        "description": null,
        "priority": 150
      },
      "notRequired": {
        "name": "notRequired",
        "values": [
          "[arira-required=false]",
          "&:not(:required)"
        ],
        "description": null,
        "priority": 150
      }
    },
    "defaultGroup": {
      "default": {
        "name": "default",
        "values": [
          "&:default"
        ],
        "description": null,
        "priority": 150
      }
    },
    "onlyChildGroup": {
      "onlyChild": {
        "name": "onlyChild",
        "values": [
          "&:only-child"
        ],
        "description": null,
        "priority": 150
      },
      "notOnlyChild": {
        "name": "notOnlyChild",
        "values": [
          "&:not(:only-child)"
        ],
        "description": null,
        "priority": 150
      }
    },
    "onlyGroup": {
      "onlyOfType": {
        "name": "onlyOfType",
        "values": [
          "&:only-of-type"
        ],
        "description": null,
        "priority": 150
      },
      "notOnlyOfType": {
        "name": "notOnlyOfType",
        "values": [
          "&:not(:only-of-type)"
        ],
        "description": null,
        "priority": 150
      }
    },
    "rootGroup": {
      "root": {
        "name": "root",
        "values": [
          "&:root"
        ],
        "description": null,
        "priority": 150
      }
    },
    "linkGroup": {
      "link": {
        "name": "link",
        "values": [
          "&:link"
        ],
        "description": null,
        "priority": 150
      }
    },
    "pseudoGroup": {
      "placeholder": {
        "name": "placeholder",
        "values": [
          "&::placeholder"
        ],
        "description": null,
        "priority": 150
      },
      "selection": {
        "name": "selection",
        "values": [
          "&::selection"
        ],
        "description": null,
        "priority": 150
      },
      "firstLetter": {
        "name": "firstLetter",
        "values": [
          "&::first-letter"
        ],
        "description": null,
        "priority": 150
      },
      "firstLine": {
        "name": "firstLine",
        "values": [
          "&::first-line"
        ],
        "description": null,
        "priority": 150
      },
      "before": {
        "name": "before",
        "values": [
          "&::before"
        ],
        "description": null,
        "priority": 150
      },
      "after": {
        "name": "after",
        "values": [
          "&::after"
        ],
        "description": null,
        "priority": 150
      }
    }
  },
  "atoms": {
    "sr": {
      "name": "sr",
      "description": "Screen reader only",
      "priority": 150,
      "styles": {},
      "values": {
        "values": [
          {
            "priority": 150,
            "value": "screenReader"
          }
        ]
      }
    },
    "transition": {
      "name": "transition",
      "description": "A class to apply transition effects.",
      "priority": 150,
      "styles": {
        "transition": null
      },
      "values": {
        "values": [
          {
            "priority": 150,
            "value": "transition"
          }
        ]
      }
    },
    "transitionProperty": {
      "name": "transitionProperty",
      "description": null,
      "priority": 150,
      "styles": {
        "transition-property": null
      },
      "values": {
        "values": [
          {
            "priority": 150,
            "value": "transitionProperties"
          }
        ]
      }
    },
    "duration": {
      "name": "duration",
      "description": null,
      "priority": 150,
      "styles": {
        "transition-duration": null
      },
      "values": {
        "values": [
          {
            "priority": 150,
            "value": "duration"
          }
        ]
      }
    },
    "ease": {
      "name": "ease",
      "description": null,
      "priority": 150,
      "styles": {
        "transition-timing-function": null
      },
      "values": {
        "values": [
          {
            "priority": 150,
            "value": "easing"
          }
        ]
      }
    },
    "delay": {
      "name": "delay",
      "description": null,
      "priority": 150,
      "styles": {
        "transition-delay": null
      },
      "values": {
        "values": [
          {
            "priority": 150,
            "value": "duration"
          }
        ]
      }
    },
    "animate": {
      "name": "animate",
      "description": null,
      "priority": 150,
      "styles": {
        "animation-name": null,
        "animation-duration": "__:CSS_VARIABLE::animationDuration:__"
      },
      "values": "keyframes"
    },
    "fadeIn": {
      "name": "fadeIn",
      "description": "Fade in an element. Requires the `animate:$in` class to be applied to the element.",
      "priority": 150,
      "styles": {
        "__:CSS_VARIABLE::enterOpacity:__": null
      },
      "values": {
        "values": [
          {
            "priority": 150,
            "value": "opacity"
          }
        ]
      }
    },
    "fadeOut": {
      "name": "fadeOut",
      "description": "Fade out an element. Requires the `animate:$out` class to be applied to the element.",
      "priority": 150,
      "styles": {
        "__:CSS_VARIABLE::exitOpacity:__": null
      },
      "values": {
        "values": [
          {
            "priority": 150,
            "value": "opacity"
          }
        ]
      }
    },
    "spinIn": {
      "name": "spinIn",
      "description": "Rotate an element to enter. Requires the `animate:$in` class to be applied to the element.",
      "priority": 150,
      "styles": {
        "__:CSS_VARIABLE::enterRotate:__": null
      },
      "values": {
        "values": [
          {
            "priority": 150,
            "value": "rotation"
          }
        ]
      }
    },
    "spinOut": {
      "name": "spinOut",
      "description": "Rotate an element to exit. Requires the `animate:$out` class to be applied to the element.",
      "priority": 150,
      "styles": {
        "__:CSS_VARIABLE::exitRotate:__": null
      },
      "values": {
        "values": [
          {
            "priority": 150,
            "value": "rotation"
          }
        ]
      }
    },
    "slideInLeft": {
      "name": "slideInLeft",
      "description": "Entry animation from the left. Requires the `animate:$in` class to be applied to the element.",
      "priority": 150,
      "styles": {
        "__:CSS_VARIABLE::enterTranslateX:__": null
      },
      "values": {
        "values": [
          {
            "priority": 150,
            "value": "negativeTranslation"
          }
        ]
      }
    },
    "slideInRight": {
      "name": "slideInRight",
      "description": "Entry animation from the right. Requires the `animate:$in` class to be applied to the element.",
      "priority": 150,
      "styles": {
        "__:CSS_VARIABLE::enterTranslateX:__": null
      },
      "values": {
        "values": [
          {
            "priority": 150,
            "value": "positiveTranslation"
          }
        ]
      }
    },
    "slideOutLeft": {
      "name": "slideOutLeft",
      "description": "Exit animation to the left. Requires the `animate:$out` class to be applied to the element.",
      "priority": 150,
      "styles": {
        "__:CSS_VARIABLE::exitTranslateX:__": null
      },
      "values": {
        "values": [
          {
            "priority": 150,
            "value": "negativeTranslation"
          }
        ]
      }
    },
    "slideOutRight": {
      "name": "slideOutRight",
      "description": "Exit animation to the right. Requires the `animate:$out` class to be applied to the element.",
      "priority": 150,
      "styles": {
        "__:CSS_VARIABLE::exitTranslateX:__": null
      },
      "values": {
        "values": [
          {
            "priority": 150,
            "value": "positiveTranslation"
          }
        ]
      }
    },
    "slideInTop": {
      "name": "slideInTop",
      "description": "Entry animation from the top. Requires the `animate:$in` class to be applied to the element.",
      "priority": 150,
      "styles": {
        "__:CSS_VARIABLE::enterTranslateY:__": null
      },
      "values": {
        "values": [
          {
            "priority": 150,
            "value": "negativeTranslation"
          }
        ]
      }
    },
    "slideInBottom": {
      "name": "slideInBottom",
      "description": "Entry animation from the bottom. Requires the `animate:$in` class to be applied to the element.",
      "priority": 150,
      "styles": {
        "__:CSS_VARIABLE::enterTranslateY:__": null
      },
      "values": {
        "values": [
          {
            "priority": 150,
            "value": "positiveTranslation"
          }
        ]
      }
    },
    "slideOutTop": {
      "name": "slideOutTop",
      "description": "Exit animation to the top. Requires the `animate:$out` class to be applied to the element.",
      "priority": 150,
      "styles": {
        "__:CSS_VARIABLE::exitTranslateY:__": null
      },
      "values": {
        "values": [
          {
            "priority": 150,
            "value": "negativeTranslation"
          }
        ]
      }
    },
    "slideOutBottom": {
      "name": "slideOutBottom",
      "description": "Exit animation to the bottom. Requires the `animate:$out` class to be applied to the element.",
      "priority": 150,
      "styles": {
        "__:CSS_VARIABLE::exitTranslateY:__": null
      },
      "values": {
        "values": [
          {
            "priority": 150,
            "value": "positiveTranslation"
          }
        ]
      }
    },
    "zoomIn": {
      "name": "zoomIn",
      "description": "Entry animation from this zoom level. Requires the `animate:$in` class to be applied to the element.",
      "priority": 150,
      "styles": {
        "__:CSS_VARIABLE::enterScaleX:__": null,
        "__:CSS_VARIABLE::enterScaleY:__": null
      },
      "values": {
        "values": [
          {
            "priority": 150,
            "value": "zoom"
          }
        ]
      }
    },
    "zoomOut": {
      "name": "zoomOut",
      "description": "Exit animation from this zoom level. Requires the `animate:$out` class to be applied to the element.",
      "priority": 150,
      "styles": {
        "__:CSS_VARIABLE::exitScaleX:__": null,
        "__:CSS_VARIABLE::exitScaleY:__": null
      },
      "values": {
        "values": [
          {
            "priority": 150,
            "value": "zoom"
          }
        ]
      }
    },
    "animateDuration": {
      "name": "animateDuration",
      "description": null,
      "priority": 150,
      "styles": {
        "animation-duration": null
      },
      "values": {
        "values": [
          {
            "priority": 150,
            "value": "duration"
          }
        ]
      }
    },
    "animateEasing": {
      "name": "animateEasing",
      "description": null,
      "priority": 150,
      "styles": {
        "animation-timing-function": null
      },
      "values": {
        "values": [
          {
            "priority": 150,
            "value": "easing"
          }
        ]
      }
    },
    "animateDelay": {
      "name": "animateDelay",
      "description": null,
      "priority": 150,
      "styles": {
        "animation-delay": null
      },
      "values": {
        "values": [
          {
            "priority": 150,
            "value": "duration"
          }
        ]
      }
    },
    "animateRepeat": {
      "name": "animateRepeat",
      "description": null,
      "priority": 150,
      "styles": {
        "animation-iteration-count": null
      },
      "values": {
        "values": [
          {
            "priority": 150,
            "value": "animationRepetitions"
          }
        ]
      }
    },
    "animateDirection": {
      "name": "animateDirection",
      "description": null,
      "priority": 150,
      "styles": {
        "animation-direction": null
      },
      "values": {
        "values": [
          {
            "priority": 150,
            "value": "animationDirection"
          }
        ]
      }
    },
    "animateFillMode": {
      "name": "animateFillMode",
      "description": null,
      "priority": 150,
      "styles": {
        "animation-fill-mode": null
      },
      "values": {
        "values": [
          {
            "priority": 150,
            "value": "animationFillMode"
          }
        ]
      }
    },
    "animateState": {
      "name": "animateState",
      "description": null,
      "priority": 150,
      "styles": {
        "animation-play-state": null
      },
      "values": {
        "values": [
          {
            "priority": 150,
            "value": "animationState"
          }
        ]
      }
    },
    "zoom": {
      "name": "zoom",
      "description": null,
      "priority": 150,
      "styles": {
        "__:CSS_VARIABLE::enterScale:__": null
      },
      "values": {
        "values": [
          {
            "priority": 150,
            "value": "zoom"
          }
        ]
      }
    },
    "font": {
      "name": "font",
      "description": null,
      "priority": 150,
      "styles": {
        "font-family": null
      },
      "values": {
        "values": [
          {
            "priority": 150,
            "value": "font"
          }
        ]
      }
    },
    "p": {
      "name": "p",
      "description": null,
      "priority": 150,
      "styles": {
        "padding": null
      },
      "values": {
        "values": [
          {
            "priority": 150,
            "value": "spacing"
          }
        ]
      }
    },
    "py": {
      "name": "py",
      "description": null,
      "priority": 150,
      "styles": {
        "padding-top": null,
        "padding-bottom": null
      },
      "values": {
        "values": [
          {
            "priority": 150,
            "value": "spacing"
          }
        ]
      }
    },
    "px": {
      "name": "px",
      "description": null,
      "priority": 150,
      "styles": {
        "padding-right": null,
        "padding-left": null
      },
      "values": {
        "values": [
          {
            "priority": 150,
            "value": "spacing"
          }
        ]
      }
    },
    "pt": {
      "name": "pt",
      "description": null,
      "priority": 150,
      "styles": {
        "padding-top": null
      },
      "values": {
        "values": [
          {
            "priority": 150,
            "value": "spacing"
          }
        ]
      }
    },
    "pr": {
      "name": "pr",
      "description": null,
      "priority": 150,
      "styles": {
        "padding-right": null
      },
      "values": {
        "values": [
          {
            "priority": 150,
            "value": "spacing"
          }
        ]
      }
    },
    "pb": {
      "name": "pb",
      "description": null,
      "priority": 150,
      "styles": {
        "padding-bottom": null
      },
      "values": {
        "values": [
          {
            "priority": 150,
            "value": "spacing"
          }
        ]
      }
    },
    "pl": {
      "name": "pl",
      "description": null,
      "priority": 150,
      "styles": {
        "padding-left": null
      },
      "values": {
        "values": [
          {
            "priority": 150,
            "value": "spacing"
          }
        ]
      }
    },
    "pbl": {
      "name": "pbl",
      "description": null,
      "priority": 150,
      "styles": {
        "padding-block": null
      },
      "values": {
        "values": [
          {
            "priority": 150,
            "value": "spacing"
          }
        ]
      }
    },
    "pbls": {
      "name": "pbls",
      "description": null,
      "priority": 150,
      "styles": {
        "padding-block-start": null
      },
      "values": {
        "values": [
          {
            "priority": 150,
            "value": "spacing"
          }
        ]
      }
    },
    "pble": {
      "name": "pble",
      "description": null,
      "priority": 150,
      "styles": {
        "padding-block-end": null
      },
      "values": {
        "values": [
          {
            "priority": 150,
            "value": "spacing"
          }
        ]
      }
    },
    "pin": {
      "name": "pin",
      "description": null,
      "priority": 150,
      "styles": {
        "padding-inline": null
      },
      "values": {
        "values": [
          {
            "priority": 150,
            "value": "spacing"
          }
        ]
      }
    },
    "pins": {
      "name": "pins",
      "description": null,
      "priority": 150,
      "styles": {
        "padding-inline-start": null
      },
      "values": {
        "values": [
          {
            "priority": 150,
            "value": "spacing"
          }
        ]
      }
    },
    "pine": {
      "name": "pine",
      "description": null,
      "priority": 150,
      "styles": {
        "padding-inline-end": null
      },
      "values": {
        "values": [
          {
            "priority": 150,
            "value": "spacing"
          }
        ]
      }
    },
    "m": {
      "name": "m",
      "description": null,
      "priority": 150,
      "styles": {
        "margin": null
      },
      "values": {
        "values": [
          {
            "priority": 150,
            "value": "spacing"
          }
        ]
      }
    },
    "my": {
      "name": "my",
      "description": null,
      "priority": 150,
      "styles": {
        "margin-top": null,
        "margin-bottom": null
      },
      "values": {
        "values": [
          {
            "priority": 150,
            "value": "spacing"
          }
        ]
      }
    },
    "mx": {
      "name": "mx",
      "description": null,
      "priority": 150,
      "styles": {
        "margin-right": null,
        "margin-left": null
      },
      "values": {
        "values": [
          {
            "priority": 150,
            "value": "spacing"
          }
        ]
      }
    },
    "mt": {
      "name": "mt",
      "description": null,
      "priority": 150,
      "styles": {
        "margin-top": null
      },
      "values": {
        "values": [
          {
            "priority": 150,
            "value": "spacing"
          }
        ]
      }
    },
    "mr": {
      "name": "mr",
      "description": null,
      "priority": 150,
      "styles": {
        "margin-right": null
      },
      "values": {
        "values": [
          {
            "priority": 150,
            "value": "spacing"
          }
        ]
      }
    },
    "mb": {
      "name": "mb",
      "description": null,
      "priority": 150,
      "styles": {
        "margin-bottom": null
      },
      "values": {
        "values": [
          {
            "priority": 150,
            "value": "spacing"
          }
        ]
      }
    },
    "ml": {
      "name": "ml",
      "description": null,
      "priority": 150,
      "styles": {
        "margin-left": null
      },
      "values": {
        "values": [
          {
            "priority": 150,
            "value": "spacing"
          }
        ]
      }
    },
    "z": {
      "name": "z",
      "description": null,
      "priority": 150,
      "styles": {
        "z-index": null
      },
      "values": {
        "values": [
          {
            "priority": 150,
            "value": "zIndex"
          }
        ]
      }
    },
    "dir": {
      "name": "dir",
      "description": null,
      "priority": 150,
      "styles": {
        "direction": null
      },
      "values": {
        "values": [
          {
            "priority": 150,
            "value": "direction"
          }
        ]
      }
    },
    "bg": {
      "name": "bg",
      "description": null,
      "priority": 150,
      "styles": {
        "background-color": null
      },
      "values": "color"
    },
    "bgOpacity": {
      "name": "bgOpacity",
      "description": null,
      "priority": 150,
      "styles": {
        "__:CSS_VARIABLE::bgOpacity:__": null
      },
      "values": {
        "values": [
          {
            "priority": 150,
            "value": "opacity"
          }
        ]
      }
    },
    "opacity": {
      "name": "opacity",
      "description": null,
      "priority": 150,
      "styles": {
        "opacity": null
      },
      "values": {
        "values": [
          {
            "priority": 150,
            "value": "opacity"
          }
        ]
      }
    }
  },
  "classes": {
    "group": {
      "name": "group",
      "description": null,
      "priority": 150,
      "styles": {}
    },
    "contained": {
      "name": "contained",
      "description": null,
      "priority": 150,
      "styles": {
        "width": "100%",
        "max-width": "var(__:CSS_VARIABLE::containedMaxWidth:__)"
      }
    },
    "italic": {
      "name": "italic",
      "description": null,
      "priority": 150,
      "styles": {
        "font-style": "italic"
      }
    },
    "nonItalic": {
      "name": "nonItalic",
      "description": null,
      "priority": 150,
      "styles": {
        "font-style": "normal"
      }
    },
    "oblique": {
      "name": "oblique",
      "description": null,
      "priority": 150,
      "styles": {
        "font-style": "oblique -10deg"
      }
    },
    "antialiased": {
      "name": "antialiased",
      "description": null,
      "priority": 150,
      "styles": {
        "-webkit-font-smoothing": "antialiased",
        "-moz-osx-font-smoothing": "grayscale"
      }
    },
    "subpixelAntialiased": {
      "name": "subpixelAntialiased",
      "description": null,
      "priority": 150,
      "styles": {
        "-webkit-font-smoothing": "auto",
        "-moz-osx-font-smoothing": "auto"
      }
    },
    "block": {
      "name": "block",
      "description": null,
      "priority": 150,
      "styles": {
        "display": "block"
      }
    },
    "inlineBlock": {
      "name": "inlineBlock",
      "description": null,
      "priority": 150,
      "styles": {
        "display": "inline-block"
      }
    },
    "inline": {
      "name": "inline",
      "description": null,
      "priority": 150,
      "styles": {
        "display": "inline"
      }
    },
    "flowRoot": {
      "name": "flowRoot",
      "description": null,
      "priority": 150,
      "styles": {
        "display": "flow-root"
      }
    },
    "content": {
      "name": "content",
      "description": null,
      "priority": 150,
      "styles": {
        "display": "content"
      }
    },
    "hidden": {
      "name": "hidden",
      "description": null,
      "priority": 150,
      "styles": {
        "display": "hidden"
      }
    },
    "invisible": {
      "name": "invisible",
      "description": null,
      "priority": 150,
      "styles": {
        "visibility": "hidden"
      }
    },
    "visible": {
      "name": "visible",
      "description": null,
      "priority": 150,
      "styles": {
        "visibility": "visible"
      }
    },
    "removeFilter": {
      "name": "removeFilter",
      "description": null,
      "priority": 150,
      "styles": {
        "__:CSS_VARIABLE::groupNestedFilter:__": "none"
      }
    },
    "removeBackdrop": {
      "name": "removeBackdrop",
      "description": null,
      "priority": 150,
      "styles": {
        "__:CSS_VARIABLE::groupNestedBackdrop:__": "none"
      }
    },
    "transformGpu": {
      "name": "transformGpu",
      "description": null,
      "priority": 150,
      "styles": {
        "__:CSS_VARIABLE::groupNestedTransform:__": "__:CSS_VARIABLE::groupNestedTransformGpu:__"
      }
    },
    "transformCpu": {
      "name": "transformCpu",
      "description": null,
      "priority": 150,
      "styles": {
        "__:CSS_VARIABLE::groupNestedTransform:__": "__:CSS_VARIABLE::groupNestedTransformCpu:__"
      }
    }
  },
  "palette": {
    "inherit": "inherit",
    "current": "currentColor",
    "transparent": "transparent",
    "black": "#000000",
    "white": "#ffffff",
    "slate50": "#f8fafc",
    "slate100": "#f1f5f9",
    "slate200": "#e2e8f0",
    "slate300": "#cbd5e1",
    "slate400": "#94a3b8",
    "slate500": "#64748b",
    "slate600": "#475569",
    "slate700": "#334155",
    "slate800": "#1e293b",
    "slate900": "#0f172a",
    "slate950": "#020617",
    "gray50": "#f9fafb",
    "gray100": "#f3f4f6",
    "gray200": "#e5e7eb",
    "gray300": "#d1d5db",
    "gray400": "#9ca3af",
    "gray500": "#6b7280",
    "gray600": "#4b5563",
    "gray700": "#374151",
    "gray800": "#1f2937",
    "gray900": "#111827",
    "gray950": "#030712",
    "zinc50": "#fafafa",
    "zinc100": "#f4f4f5",
    "zinc200": "#e4e4e7",
    "zinc300": "#d4d4d8",
    "zinc400": "#a1a1aa",
    "zinc500": "#71717a",
    "zinc600": "#52525b",
    "zinc700": "#3f3f46",
    "zinc800": "#27272a",
    "zinc900": "#18181b",
    "zinc950": "#09090b",
    "neutral50": "#fafafa",
    "neutral100": "#f5f5f5",
    "neutral200": "#e5e5e5",
    "neutral300": "#d4d4d4",
    "neutral400": "#a3a3a3",
    "neutral500": "#737373",
    "neutral600": "#525252",
    "neutral700": "#404040",
    "neutral800": "#262626",
    "neutral900": "#171717",
    "neutral950": "#0a0a0a",
    "stone50": "#fafaf9",
    "stone100": "#f5f5f4",
    "stone200": "#e7e5e4",
    "stone300": "#d6d3d1",
    "stone400": "#a8a29e",
    "stone500": "#78716c",
    "stone600": "#57534e",
    "stone700": "#44403c",
    "stone800": "#292524",
    "stone900": "#1c1917",
    "stone950": "#0c0a09",
    "red50": "#fef2f2",
    "red100": "#fee2e2",
    "red200": "#fecaca",
    "red300": "#fca5a5",
    "red400": "#f87171",
    "red500": "#ef4444",
    "red600": "#dc2626",
    "red700": "#b91c1c",
    "red800": "#991b1b",
    "red900": "#7f1d1d",
    "red950": "#450a0a",
    "orange50": "#fff7ed",
    "orange100": "#ffedd5",
    "orange200": "#fed7aa",
    "orange300": "#fdba74",
    "orange400": "#fb923c",
    "orange500": "#f97316",
    "orange600": "#ea580c",
    "orange700": "#c2410c",
    "orange800": "#9a3412",
    "orange900": "#7c2d12",
    "orange950": "#431407",
    "amber50": "#fffbeb",
    "amber100": "#fef3c7",
    "amber200": "#fde68a",
    "amber300": "#fcd34d",
    "amber400": "#fbbf24",
    "amber500": "#f59e0b",
    "amber600": "#d97706",
    "amber700": "#b45309",
    "amber800": "#92400e",
    "amber900": "#78350f",
    "amber950": "#451a03",
    "yellow50": "#fefce8",
    "yellow100": "#fef9c3",
    "yellow200": "#fef08a",
    "yellow300": "#fde047",
    "yellow400": "#facc15",
    "yellow500": "#eab308",
    "yellow600": "#ca8a04",
    "yellow700": "#a16207",
    "yellow800": "#854d0e",
    "yellow900": "#713f12",
    "yellow950": "#422006",
    "lime50": "#f7fee7",
    "lime100": "#ecfccb",
    "lime200": "#d9f99d",
    "lime300": "#bef264",
    "lime400": "#a3e635",
    "lime500": "#84cc16",
    "lime600": "#65a30d",
    "lime700": "#4d7c0f",
    "lime800": "#3f6212",
    "lime900": "#365314",
    "lime950": "#1a2e05",
    "green50": "#f0fdf4",
    "green100": "#dcfce7",
    "green200": "#bbf7d0",
    "green300": "#86efac",
    "green400": "#4ade80",
    "green500": "#22c55e",
    "green600": "#16a34a",
    "green700": "#15803d",
    "green800": "#166534",
    "green900": "#14532d",
    "green950": "#052e16",
    "emerald50": "#ecfdf5",
    "emerald100": "#d1fae5",
    "emerald200": "#a7f3d0",
    "emerald300": "#6ee7b7",
    "emerald400": "#34d399",
    "emerald500": "#10b981",
    "emerald600": "#059669",
    "emerald700": "#047857",
    "emerald800": "#065f46",
    "emerald900": "#064e3b",
    "emerald950": "#022c22",
    "teal50": "#f0fdfa",
    "teal100": "#ccfbf1",
    "teal200": "#99f6e4",
    "teal300": "#5eead4",
    "teal400": "#2dd4bf",
    "teal500": "#14b8a6",
    "teal600": "#0d9488",
    "teal700": "#0f766e",
    "teal800": "#115e59",
    "teal900": "#134e4a",
    "teal950": "#042f2e",
    "cyan50": "#ecfeff",
    "cyan100": "#cffafe",
    "cyan200": "#a5f3fc",
    "cyan300": "#67e8f9",
    "cyan400": "#22d3ee",
    "cyan500": "#06b6d4",
    "cyan600": "#0891b2",
    "cyan700": "#0e7490",
    "cyan800": "#155e75",
    "cyan900": "#164e63",
    "cyan950": "#083344",
    "sky50": "#f0f9ff",
    "sky100": "#e0f2fe",
    "sky200": "#bae6fd",
    "sky300": "#7dd3fc",
    "sky400": "#38bdf8",
    "sky500": "#0ea5e9",
    "sky600": "#0284c7",
    "sky700": "#0369a1",
    "sky800": "#075985",
    "sky900": "#0c4a6e",
    "sky950": "#082f49",
    "blue50": "#eff6ff",
    "blue100": "#dbeafe",
    "blue200": "#bfdbfe",
    "blue300": "#93c5fd",
    "blue400": "#60a5fa",
    "blue500": "#3b82f6",
    "blue600": "#2563eb",
    "blue700": "#1d4ed8",
    "blue800": "#1e40af",
    "blue900": "#1e3a8a",
    "blue950": "#172554",
    "indigo50": "#eef2ff",
    "indigo100": "#e0e7ff",
    "indigo200": "#c7d2fe",
    "indigo300": "#a5b4fc",
    "indigo400": "#818cf8",
    "indigo500": "#6366f1",
    "indigo600": "#4f46e5",
    "indigo700": "#4338ca",
    "indigo800": "#3730a3",
    "indigo900": "#312e81",
    "indigo950": "#1e1b4b",
    "violet50": "#f5f3ff",
    "violet100": "#ede9fe",
    "violet200": "#ddd6fe",
    "violet300": "#c4b5fd",
    "violet400": "#a78bfa",
    "violet500": "#8b5cf6",
    "violet600": "#7c3aed",
    "violet700": "#6d28d9",
    "violet800": "#5b21b6",
    "violet900": "#4c1d95",
    "violet950": "#2e1065",
    "purple50": "#faf5ff",
    "purple100": "#f3e8ff",
    "purple200": "#e9d5ff",
    "purple300": "#d8b4fe",
    "purple400": "#c084fc",
    "purple500": "#a855f7",
    "purple600": "#9333ea",
    "purple700": "#7e22ce",
    "purple800": "#6b21a8",
    "purple900": "#581c87",
    "purple950": "#3b0764",
    "fuchsia50": "#fdf4ff",
    "fuchsia100": "#fae8ff",
    "fuchsia200": "#f5d0fe",
    "fuchsia300": "#f0abfc",
    "fuchsia400": "#e879f9",
    "fuchsia500": "#d946ef",
    "fuchsia600": "#c026d3",
    "fuchsia700": "#a21caf",
    "fuchsia800": "#86198f",
    "fuchsia900": "#701a75",
    "fuchsia950": "#4a044e",
    "pink50": "#fdf2f8",
    "pink100": "#fce7f3",
    "pink200": "#fbcfe8",
    "pink300": "#f9a8d4",
    "pink400": "#f472b6",
    "pink500": "#ec4899",
    "pink600": "#db2777",
    "pink700": "#be185d",
    "pink800": "#9d174d",
    "pink900": "#831843",
    "pink950": "#500724",
    "rose50": "#fff1f2",
    "rose100": "#ffe4e6",
    "rose200": "#fecdd3",
    "rose300": "#fda4af",
    "rose400": "#fb7185",
    "rose500": "#f43f5e",
    "rose600": "#e11d48",
    "rose700": "#be123c",
    "rose800": "#9f1239",
    "rose900": "#881337",
    "rose950": "#4c0519"
  },
  "value_sets": {
    "screenReader": {
      "name": "screenReader",
      "description": null,
      "priority": 150,
      "values": {
        "only": {
          "position": "absolute",
          "width": "1px",
          "height": "1px",
          "padding": "0",
          "margin": "-1px",
          "overflow": "hidden",
          "clip": "rect(0, 0, 0, 0)",
          "whiteSpace": "nowrap",
          "borderWidth": "0"
        },
        "exclude": {
          "position": "static",
          "width": "auto",
          "height": "auto",
          "padding": "0",
          "margin": "0",
          "overflow": "visible",
          "clip": "auto",
          "whiteSpace": "normal"
        }
      }
    },
    "transition": {
      "name": "transition",
      "description": "The built-in transition class values.",
      "priority": 150,
      "values": {
        "main": {
          "transition-property": "color, background-color, border-color, text-decoration-color, fill, stroke, opacity, box-shadow, transform, filter, backdrop-filter",
          "transition-timing-function": "cubic-bezier(0.4, 0, 0.2, 1)",
          "transition-duration": "var(--default-transition-duration)"
        },
        "none": {
          "transitionProperty": "none"
        },
        "all": {
          "transition-property": "all",
          "transition-timing-function": "cubic-bezier(0.4, 0, 0.2, 1)",
          "transition-duration": "var(--default-transition-duration)"
        },
        "colors": {
          "transition-property": "color, background-color, border-color, text-decoration-color, fill, stroke",
          "transition-timing-function": "cubic-bezier(0.4, 0, 0.2, 1)",
          "transition-duration": "var(--default-transition-duration)"
        },
        "opacity": {
          "transition-property": "opacity",
          "transition-timing-function": "cubic-bezier(0.4, 0, 0.2, 1)",
          "transition-duration": "var(--default-transition-duration)"
        },
        "shadow": {
          "transition-property": "box-shadow",
          "transition-timing-function": "cubic-bezier(0.4, 0, 0.2, 1)",
          "transition-duration": "var(--default-transition-duration)"
        },
        "transform": {
          "transition-property": "transform",
          "transition-timing-function": "cubic-bezier(0.4, 0, 0.2, 1)",
          "transition-duration": "var(--default-transition-duration)"
        }
      }
    },
    "transitionProperties": {
      "name": "transitionProperties",
      "description": null,
      "priority": 150,
      "values": {
        "most": "color, background-color, border-color, text-decoration-color, fill, stroke, opacity, box-shadow, transform, filter, backdrop-filter",
        "none": "none",
        "all": "all",
        "colors": "color, background-color, border-color, text-decoration-color, fill, stroke",
        "opacity": "opacity",
        "shadow": "box-shadow",
        "transform": "transform"
      }
    },
    "duration": {
      "name": "duration",
      "description": null,
      "priority": 150,
      "values": {
        "0": "0ms",
        "75": "75ms",
        "100": "100ms",
        "150": "150ms",
        "200": "200ms",
        "300": "300ms",
        "500": "500ms",
        "700": "700ms",
        "1000": "1000ms",
        "1500": "1500ms",
        "2000": "2000ms"
      }
    },
    "easing": {
      "name": "easing",
      "description": null,
      "priority": 150,
      "values": {
        "linear": "linear",
        "in": "cubic-bezier(0.4, 0, 1, 1)",
        "out": "cubic-bezier(0, 0, 0.2, 1)",
        "inOut": "cubic-bezier(0.4, 0, 0.2, 1)"
      }
    },
    "animationRepetitions": {
      "name": "animationRepetitions",
      "description": null,
      "priority": 150,
      "values": {
        "0": "0",
        "0.5": "0.5",
        "1": "1",
        "2": "2",
        "3": "3",
        "infinite": "infinite",
        "in": "cubic-bezier(0.4, 0, 1, 1)",
        "out": "cubic-bezier(0, 0, 0.2, 1)",
        "inOut": "cubic-bezier(0.4, 0, 0.2, 1)"
      }
    },
    "animationDirection": {
      "name": "animationDirection",
      "description": null,
      "priority": 150,
      "values": {
        "normal": "normal",
        "reverse": "reverse",
        "alt": "alternate",
        "altReverse": "alternate-reverse"
      }
    },
    "animationFillMode": {
      "name": "animationFillMode",
      "description": "These are the default animation fill mode values.",
      "priority": 150,
      "values": {
        "none": "none",
        "forwards": "forwards",
        "backwards": "backwards",
        "both": "both"
      }
    },
    "animationState": {
      "name": "animationState",
      "description": "These are the default animation state values.",
      "priority": 150,
      "values": {
        "running": "running",
        "paused": "paused"
      }
    },
    "opacity": {
      "name": "opacity",
      "description": "These are the default opacity values.",
      "priority": 150,
      "values": {
        "0": "0%",
        "5": "5%",
        "10": "10%",
        "20": "20%",
        "30": "30%",
        "40": "40%",
        "50": "50%",
        "60": "60%",
        "70": "70%",
        "75": "75%",
        "80": "80%",
        "90": "90%",
        "95": "95%",
        "100": "100%"
      }
    },
    "spacing": {
      "name": "spacing",
      "description": null,
      "priority": 150,
      "values": {
        "0": "0px",
        "1": "0.25rem",
        "2": "0.5rem",
        "3": "0.75rem",
        "4": "1rem",
        "5": "1.25rem",
        "6": "1.5rem",
        "7": "1.75rem",
        "8": "2rem",
        "9": "2.25rem",
        "10": "2.5rem",
        "11": "2.75rem",
        "12": "3rem",
        "14": "3.5rem",
        "16": "4rem",
        "20": "5rem",
        "24": "6rem",
        "28": "7rem",
        "32": "8rem",
        "36": "9rem",
        "40": "10rem",
        "44": "11rem",
        "48": "12rem",
        "52": "13rem",
        "56": "14rem",
        "60": "15rem",
        "64": "16rem",
        "72": "18rem",
        "80": "20rem",
        "96": "24rem",
        "px": "1px",
        "0.5": "0.125rem",
        "1.5": "0.375rem",
        "2.5": "0.625rem",
        "3.5": "0.875rem"
      }
    },
    "zIndex": {
      "name": "zIndex",
      "description": null,
      "priority": 150,
      "values": {
        "0": "0",
        "1": "1",
        "2": "2",
        "3": "3",
        "4": "4",
        "5": "5",
        "10": "10",
        "20": "20",
        "30": "30",
        "40": "40",
        "50": "50",
        "60": "60",
        "auto": "auto",
        "-1": "-1",
        "-2": "-2",
        "-3": "-3",
        "-5": "-5"
      }
    },
    "direction": {
      "name": "direction",
      "description": null,
      "priority": 150,
      "values": {
        "ltr": "ltr",
        "rtl": "rtl"
      }
    },
    "zoom": {
      "name": "zoom",
      "description": null,
      "priority": 150,
      "values": {
        "0": "0",
        "50": ".5",
        "75": ".75",
        "90": ".9",
        "95": ".95",
        "100": "1",
        "105": "1.05",
        "110": "1.1",
        "125": "1.25",
        "150": "1.5"
      }
    },
    "rotation": {
      "name": "rotation",
      "description": null,
      "priority": 150,
      "values": {
        "0": "0deg",
        "1": "1deg",
        "2": "2deg",
        "3": "3deg",
        "6": "6deg",
        "12": "12deg",
        "30": "30deg",
        "45": "45deg",
        "90": "90deg",
        "180": "180deg"
      }
    },
    "negativeTranslation": {
      "name": "negativeTranslation",
      "description": null,
      "priority": 150,
      "values": {
        "full": "-100%",
        "0": "-0px",
        "px": "-1px",
        "0.5": "-0.125rem",
        "1": "-0.25rem",
        "1.5": "-0.375rem",
        "2": "-0.5rem",
        "2.5": "-0.625rem",
        "3": "-0.75rem",
        "3.5": "-0.875rem",
        "4": "-1rem",
        "5": "-1.25rem",
        "6": "-1.5rem",
        "7": "-1.75rem",
        "8": "-2rem",
        "9": "-2.25rem",
        "10": "-2.5rem",
        "11": "-2.75rem",
        "12": "-3rem",
        "14": "-3.5rem",
        "16": "-4rem",
        "20": "-5rem",
        "24": "-6rem",
        "28": "-7rem",
        "32": "-8rem",
        "36": "-9rem",
        "40": "-10rem",
        "44": "-11rem",
        "48": "-12rem",
        "52": "-13rem",
        "56": "-14rem",
        "60": "-15rem",
        "64": "-16rem",
        "72": "-18rem",
        "80": "-20rem",
        "96": "-24rem",
        "third": "-33.333333%",
        "twoThirds": "-66.666667%",
        "quarter": "-25%",
        "half": "-50%",
        "threeQuarters": "-75%"
      }
    },
    "positiveTranslation": {
      "name": "positiveTranslation",
      "description": null,
      "priority": 150,
      "values": {
        "full": "100%",
        "0": "0px",
        "px": "1px",
        "0.5": "0.125rem",
        "1": "0.25rem",
        "1.5": "0.375rem",
        "2": "0.5rem",
        "2.5": "0.625rem",
        "3": "0.75rem",
        "3.5": "0.875rem",
        "4": "1rem",
        "5": "1.25rem",
        "6": "1.5rem",
        "7": "1.75rem",
        "8": "2rem",
        "9": "2.25rem",
        "10": "2.5rem",
        "11": "2.75rem",
        "12": "3rem",
        "14": "3.5rem",
        "16": "4rem",
        "20": "5rem",
        "24": "6rem",
        "28": "7rem",
        "32": "8rem",
        "36": "9rem",
        "40": "10rem",
        "44": "11rem",
        "48": "12rem",
        "52": "13rem",
        "56": "14rem",
        "60": "15rem",
        "64": "16rem",
        "72": "18rem",
        "80": "20rem",
        "96": "24rem",
        "third": "33.333333%",
        "twoThirds": "66.666667%",
        "quarter": "25%",
        "half": "50%",
        "threeQuarters": "75%"
      }
    },
    "font": {
      "name": "font",
      "description": null,
      "priority": 150,
      "values": {
        "sans": "ui-sans-serif,system-ui,-apple-system,BlinkMacSystemFont,\"Segoe UI\",Roboto,\"Helvetica Neue\",Arial,\"Noto Sans\",sans-serif,\"Apple Color Emoji\",\"Segoe UI Emoji\",\"Segoe UI Symbol\",\"Noto Color Emoji\"",
        "serif": "ui-serif,Georgia,Cambria,\"Times New Roman\",Times,serif",
        "mono": "ui-monospace,SFMono-Regular,Menlo,Monaco,Consolas,\"Liberation Mono\",\"Courier New\",monospace"
      }
    }
  },
  "names": {
    "keyframes": [
      "in",
      "out",
      "spin",
      "ping",
      "pulse",
      "bounce"
    ],
    "css_variables": [
      "primary",
      "primaryContent",
      "secondary",
      "secondaryContent",
      "accent",
      "accentContent",
      "neutral",
      "neutralContent",
      "base100",
      "base200",
      "base300",
      "baseContent",
      "info",
      "infoContent",
      "success",
      "successContent",
      "warning",
      "warningContent",
      "error",
      "errorContent",
      "containedMaxWidth",
      "empty",
      "filterBlur",
      "filterBrightness",
      "filterContrast",
      "filterCustom",
      "filterGrayscale",
      "filterHueRotate",
      "filterInvert",
      "filterSaturate",
      "filterSepia",
      "filterDropShadow",
      "groupNestedFilter",
      "backdropBlur",
      "backdropBrightness",
      "backdropContrast",
      "backdropCustom",
      "backdropGrayscale",
      "backdropHueRotate",
      "backdropInvert",
      "backdropSaturate",
      "backdropSepia",
      "backdropDropShadow",
      "groupNestedBackdrop",
      "transitionDuration",
      "animationDuration",
      "enterOpacity",
      "enterTranslateX",
      "enterTranslateY",
      "enterScaleX",
      "enterScaleY",
      "enterRotate",
      "exitOpacity",
      "exitTranslateX",
      "exitTranslateY",
      "exitScaleX",
      "exitScaleY",
      "exitRotate"
    ],
    "atoms": [
      "sr",
      "transition",
      "transitionProperty",
      "duration",
      "ease",
      "delay",
      "animate",
      "fadeIn",
      "fadeOut",
      "spinIn",
      "spinOut",
      "slideInLeft",
      "slideInRight",
      "slideOutLeft",
      "slideOutRight",
      "slideInTop",
      "slideInBottom",
      "slideOutTop",
      "slideOutBottom",
      "zoomIn",
      "zoomOut",
      "animateDuration",
      "animateEasing",
      "animateDelay",
      "animateRepeat",
      "animateDirection",
      "animateFillMode",
      "animateState",
      "zoom",
      "font",
      "p",
      "py",
      "px",
      "pt",
      "pr",
      "pb",
      "pl",
      "pbl",
      "pbls",
      "pble",
      "pin",
      "pins",
      "pine",
      "m",
      "my",
      "mx",
      "mt",
      "mr",
      "mb",
      "ml",
      "z",
      "dir",
      "bg",
      "bgOpacity",
      "opacity"
    ],
    "classes": [
      "group",
      "contained",
      "italic",
      "nonItalic",
      "oblique",
      "antialiased",
      "subpixelAntialiased",
      "block",
      "inlineBlock",
      "inline",
      "flowRoot",
      "content",
      "hidden",
      "invisible",
      "visible",
      "removeFilter",
      "removeBackdrop",
      "transformGpu",
      "transformCpu"
    ],
    "media_queries": [
      "screen",
      "print",
      "sm",
      "md",
      "lg",
      "xl",
      "xxl",
      "portrait",
      "landscape",
      "motionReduce",
      "motionSafe",
      "dark",
      "light"
    ],
    "modifiers": [
      "rtl",
      "groupHover",
      "groupFocus",
      "groupActive",
      "groupVisited",
      "hover",
      "active",
      "activeLink",
      "activeLocation",
      "activeDate",
      "activeTime",
      "activeStep",
      "focus",
      "focusWithin",
      "focusVisible",
      "disabled",
      "notDisabled",
      "enabled",
      "empty",
      "readWrite",
      "readOnly",
      "notReadOnly",
      "expanded",
      "indeterminate",
      "checked",
      "unchecked",
      "grabbed",
      "pressed",
      "invalidGrammar",
      "invalidSpelling",
      "valid",
      "invalid",
      "loading",
      "selected",
      "ariaHidden",
      "autofill",
      "even",
      "odd",
      "evenOfType",
      "oddOfType",
      "first",
      "notFirst",
      "last",
      "notLast",
      "firstOfType",
      "notFirstOfType",
      "lastOfType",
      "notLastOfType",
      "visited",
      "optional",
      "fullScreen",
      "target",
      "placeholderShown",
      "required",
      "notRequired",
      "default",
      "onlyChild",
      "notOnlyChild",
      "onlyOfType",
      "notOnlyOfType",
      "root",
      "link",
      "placeholder",
      "selection",
      "firstLetter",
      "firstLine",
      "before",
      "after"
    ],
    "atom:sr": [
      "only",
      "exclude"
    ],
    "atom:transition": [
      "main",
      "none",
      "all",
      "colors",
      "opacity",
      "shadow",
      "transform"
    ],
    "atom:transitionProperty": [
      "most",
      "none",
      "all",
      "colors",
      "opacity",
      "shadow",
      "transform"
    ],
    "atom:duration": [
      "0",
      "75",
      "100",
      "150",
      "200",
      "300",
      "500",
      "700",
      "1000",
      "1500",
      "2000"
    ],
    "atom:ease": [
      "linear",
      "in",
      "out",
      "inOut"
    ],
    "atom:delay": [
      "0",
      "75",
      "100",
      "150",
      "200",
      "300",
      "500",
      "700",
      "1000",
      "1500",
      "2000"
    ],
    "atom:animate": [
      "in",
      "out",
      "spin",
      "ping",
      "pulse",
      "bounce"
    ],
    "atom:fadeIn": [
      "0",
      "5",
      "10",
      "20",
      "30",
      "40",
      "50",
      "60",
      "70",
      "75",
      "80",
      "90",
      "95",
      "100"
    ],
    "atom:fadeOut": [
      "0",
      "5",
      "10",
      "20",
      "30",
      "40",
      "50",
      "60",
      "70",
      "75",
      "80",
      "90",
      "95",
      "100"
    ],
    "atom:spinIn": [
      "0",
      "1",
      "2",
      "3",
      "6",
      "12",
      "30",
      "45",
      "90",
      "180"
    ],
    "atom:spinOut": [
      "0",
      "1",
      "2",
      "3",
      "6",
      "12",
      "30",
      "45",
      "90",
      "180"
    ],
    "atom:slideInLeft": [
      "full",
      "0",
      "px",
      "0.5",
      "1",
      "1.5",
      "2",
      "2.5",
      "3",
      "3.5",
      "4",
      "5",
      "6",
      "7",
      "8",
      "9",
      "10",
      "11",
      "12",
      "14",
      "16",
      "20",
      "24",
      "28",
      "32",
      "36",
      "40",
      "44",
      "48",
      "52",
      "56",
      "60",
      "64",
      "72",
      "80",
      "96",
      "third",
      "twoThirds",
      "quarter",
      "half",
      "threeQuarters"
    ],
    "atom:slideInRight": [
      "full",
      "0",
      "px",
      "0.5",
      "1",
      "1.5",
      "2",
      "2.5",
      "3",
      "3.5",
      "4",
      "5",
      "6",
      "7",
      "8",
      "9",
      "10",
      "11",
      "12",
      "14",
      "16",
      "20",
      "24",
      "28",
      "32",
      "36",
      "40",
      "44",
      "48",
      "52",
      "56",
      "60",
      "64",
      "72",
      "80",
      "96",
      "third",
      "twoThirds",
      "quarter",
      "half",
      "threeQuarters"
    ],
    "atom:slideOutLeft": [
      "full",
      "0",
      "px",
      "0.5",
      "1",
      "1.5",
      "2",
      "2.5",
      "3",
      "3.5",
      "4",
      "5",
      "6",
      "7",
      "8",
      "9",
      "10",
      "11",
      "12",
      "14",
      "16",
      "20",
      "24",
      "28",
      "32",
      "36",
      "40",
      "44",
      "48",
      "52",
      "56",
      "60",
      "64",
      "72",
      "80",
      "96",
      "third",
      "twoThirds",
      "quarter",
      "half",
      "threeQuarters"
    ],
    "atom:slideOutRight": [
      "full",
      "0",
      "px",
      "0.5",
      "1",
      "1.5",
      "2",
      "2.5",
      "3",
      "3.5",
      "4",
      "5",
      "6",
      "7",
      "8",
      "9",
      "10",
      "11",
      "12",
      "14",
      "16",
      "20",
      "24",
      "28",
      "32",
      "36",
      "40",
      "44",
      "48",
      "52",
      "56",
      "60",
      "64",
      "72",
      "80",
      "96",
      "third",
      "twoThirds",
      "quarter",
      "half",
      "threeQuarters"
    ],
    "atom:slideInTop": [
      "full",
      "0",
      "px",
      "0.5",
      "1",
      "1.5",
      "2",
      "2.5",
      "3",
      "3.5",
      "4",
      "5",
      "6",
      "7",
      "8",
      "9",
      "10",
      "11",
      "12",
      "14",
      "16",
      "20",
      "24",
      "28",
      "32",
      "36",
      "40",
      "44",
      "48",
      "52",
      "56",
      "60",
      "64",
      "72",
      "80",
      "96",
      "third",
      "twoThirds",
      "quarter",
      "half",
      "threeQuarters"
    ],
    "atom:slideInBottom": [
      "full",
      "0",
      "px",
      "0.5",
      "1",
      "1.5",
      "2",
      "2.5",
      "3",
      "3.5",
      "4",
      "5",
      "6",
      "7",
      "8",
      "9",
      "10",
      "11",
      "12",
      "14",
      "16",
      "20",
      "24",
      "28",
      "32",
      "36",
      "40",
      "44",
      "48",
      "52",
      "56",
      "60",
      "64",
      "72",
      "80",
      "96",
      "third",
      "twoThirds",
      "quarter",
      "half",
      "threeQuarters"
    ],
    "atom:slideOutTop": [
      "full",
      "0",
      "px",
      "0.5",
      "1",
      "1.5",
      "2",
      "2.5",
      "3",
      "3.5",
      "4",
      "5",
      "6",
      "7",
      "8",
      "9",
      "10",
      "11",
      "12",
      "14",
      "16",
      "20",
      "24",
      "28",
      "32",
      "36",
      "40",
      "44",
      "48",
      "52",
      "56",
      "60",
      "64",
      "72",
      "80",
      "96",
      "third",
      "twoThirds",
      "quarter",
      "half",
      "threeQuarters"
    ],
    "atom:slideOutBottom": [
      "full",
      "0",
      "px",
      "0.5",
      "1",
      "1.5",
      "2",
      "2.5",
      "3",
      "3.5",
      "4",
      "5",
      "6",
      "7",
      "8",
      "9",
      "10",
      "11",
      "12",
      "14",
      "16",
      "20",
      "24",
      "28",
      "32",
      "36",
      "40",
      "44",
      "48",
      "52",
      "56",
      "60",
      "64",
      "72",
      "80",
      "96",
      "third",
      "twoThirds",
      "quarter",
      "half",
      "threeQuarters"
    ],
    "atom:zoomIn": [
      "0",
      "50",
      "75",
      "90",
      "95",
      "100",
      "105",
      "110",
      "125",
      "150"
    ],
    "atom:zoomOut": [
      "0",
      "50",
      "75",
      "90",
      "95",
      "100",
      "105",
      "110",
      "125",
      "150"
    ],
    "atom:animateDuration": [
      "0",
      "75",
      "100",
      "150",
      "200",
      "300",
      "500",
      "700",
      "1000",
      "1500",
      "2000"
    ],
    "atom:animateEasing": [
      "linear",
      "in",
      "out",
      "inOut"
    ],
    "atom:animateDelay": [
      "0",
      "75",
      "100",
      "150",
      "200",
      "300",
      "500",
      "700",
      "1000",
      "1500",
      "2000"
    ],
    "atom:animateRepeat": [
      "0",
      "0.5",
      "1",
      "2",
      "3",
      "infinite",
      "in",
      "out",
      "inOut"
    ],
    "atom:animateDirection": [
      "normal",
      "reverse",
      "alt",
      "altReverse"
    ],
    "atom:animateFillMode": [
      "none",
      "forwards",
      "backwards",
      "both"
    ],
    "atom:animateState": [
      "running",
      "paused"
    ],
    "atom:zoom": [
      "0",
      "50",
      "75",
      "90",
      "95",
      "100",
      "105",
      "110",
      "125",
      "150"
    ],
    "atom:font": [
      "sans",
      "serif",
      "mono"
    ],
    "atom:p": [
      "0",
      "1",
      "2",
      "3",
      "4",
      "5",
      "6",
      "7",
      "8",
      "9",
      "10",
      "11",
      "12",
      "14",
      "16",
      "20",
      "24",
      "28",
      "32",
      "36",
      "40",
      "44",
      "48",
      "52",
      "56",
      "60",
      "64",
      "72",
      "80",
      "96",
      "px",
      "0.5",
      "1.5",
      "2.5",
      "3.5"
    ],
    "atom:py": [
      "0",
      "1",
      "2",
      "3",
      "4",
      "5",
      "6",
      "7",
      "8",
      "9",
      "10",
      "11",
      "12",
      "14",
      "16",
      "20",
      "24",
      "28",
      "32",
      "36",
      "40",
      "44",
      "48",
      "52",
      "56",
      "60",
      "64",
      "72",
      "80",
      "96",
      "px",
      "0.5",
      "1.5",
      "2.5",
      "3.5"
    ],
    "atom:px": [
      "0",
      "1",
      "2",
      "3",
      "4",
      "5",
      "6",
      "7",
      "8",
      "9",
      "10",
      "11",
      "12",
      "14",
      "16",
      "20",
      "24",
      "28",
      "32",
      "36",
      "40",
      "44",
      "48",
      "52",
      "56",
      "60",
      "64",
      "72",
      "80",
      "96",
      "px",
      "0.5",
      "1.5",
      "2.5",
      "3.5"
    ],
    "atom:pt": [
      "0",
      "1",
      "2",
      "3",
      "4",
      "5",
      "6",
      "7",
      "8",
      "9",
      "10",
      "11",
      "12",
      "14",
      "16",
      "20",
      "24",
      "28",
      "32",
      "36",
      "40",
      "44",
      "48",
      "52",
      "56",
      "60",
      "64",
      "72",
      "80",
      "96",
      "px",
      "0.5",
      "1.5",
      "2.5",
      "3.5"
    ],
    "atom:pr": [
      "0",
      "1",
      "2",
      "3",
      "4",
      "5",
      "6",
      "7",
      "8",
      "9",
      "10",
      "11",
      "12",
      "14",
      "16",
      "20",
      "24",
      "28",
      "32",
      "36",
      "40",
      "44",
      "48",
      "52",
      "56",
      "60",
      "64",
      "72",
      "80",
      "96",
      "px",
      "0.5",
      "1.5",
      "2.5",
      "3.5"
    ],
    "atom:pb": [
      "0",
      "1",
      "2",
      "3",
      "4",
      "5",
      "6",
      "7",
      "8",
      "9",
      "10",
      "11",
      "12",
      "14",
      "16",
      "20",
      "24",
      "28",
      "32",
      "36",
      "40",
      "44",
      "48",
      "52",
      "56",
      "60",
      "64",
      "72",
      "80",
      "96",
      "px",
      "0.5",
      "1.5",
      "2.5",
      "3.5"
    ],
    "atom:pl": [
      "0",
      "1",
      "2",
      "3",
      "4",
      "5",
      "6",
      "7",
      "8",
      "9",
      "10",
      "11",
      "12",
      "14",
      "16",
      "20",
      "24",
      "28",
      "32",
      "36",
      "40",
      "44",
      "48",
      "52",
      "56",
      "60",
      "64",
      "72",
      "80",
      "96",
      "px",
      "0.5",
      "1.5",
      "2.5",
      "3.5"
    ],
    "atom:pbl": [
      "0",
      "1",
      "2",
      "3",
      "4",
      "5",
      "6",
      "7",
      "8",
      "9",
      "10",
      "11",
      "12",
      "14",
      "16",
      "20",
      "24",
      "28",
      "32",
      "36",
      "40",
      "44",
      "48",
      "52",
      "56",
      "60",
      "64",
      "72",
      "80",
      "96",
      "px",
      "0.5",
      "1.5",
      "2.5",
      "3.5"
    ],
    "atom:pbls": [
      "0",
      "1",
      "2",
      "3",
      "4",
      "5",
      "6",
      "7",
      "8",
      "9",
      "10",
      "11",
      "12",
      "14",
      "16",
      "20",
      "24",
      "28",
      "32",
      "36",
      "40",
      "44",
      "48",
      "52",
      "56",
      "60",
      "64",
      "72",
      "80",
      "96",
      "px",
      "0.5",
      "1.5",
      "2.5",
      "3.5"
    ],
    "atom:pble": [
      "0",
      "1",
      "2",
      "3",
      "4",
      "5",
      "6",
      "7",
      "8",
      "9",
      "10",
      "11",
      "12",
      "14",
      "16",
      "20",
      "24",
      "28",
      "32",
      "36",
      "40",
      "44",
      "48",
      "52",
      "56",
      "60",
      "64",
      "72",
      "80",
      "96",
      "px",
      "0.5",
      "1.5",
      "2.5",
      "3.5"
    ],
    "atom:pin": [
      "0",
      "1",
      "2",
      "3",
      "4",
      "5",
      "6",
      "7",
      "8",
      "9",
      "10",
      "11",
      "12",
      "14",
      "16",
      "20",
      "24",
      "28",
      "32",
      "36",
      "40",
      "44",
      "48",
      "52",
      "56",
      "60",
      "64",
      "72",
      "80",
      "96",
      "px",
      "0.5",
      "1.5",
      "2.5",
      "3.5"
    ],
    "atom:pins": [
      "0",
      "1",
      "2",
      "3",
      "4",
      "5",
      "6",
      "7",
      "8",
      "9",
      "10",
      "11",
      "12",
      "14",
      "16",
      "20",
      "24",
      "28",
      "32",
      "36",
      "40",
      "44",
      "48",
      "52",
      "56",
      "60",
      "64",
      "72",
      "80",
      "96",
      "px",
      "0.5",
      "1.5",
      "2.5",
      "3.5"
    ],
    "atom:pine": [
      "0",
      "1",
      "2",
      "3",
      "4",
      "5",
      "6",
      "7",
      "8",
      "9",
      "10",
      "11",
      "12",
      "14",
      "16",
      "20",
      "24",
      "28",
      "32",
      "36",
      "40",
      "44",
      "48",
      "52",
      "56",
      "60",
      "64",
      "72",
      "80",
      "96",
      "px",
      "0.5",
      "1.5",
      "2.5",
      "3.5"
    ],
    "atom:m": [
      "0",
      "1",
      "2",
      "3",
      "4",
      "5",
      "6",
      "7",
      "8",
      "9",
      "10",
      "11",
      "12",
      "14",
      "16",
      "20",
      "24",
      "28",
      "32",
      "36",
      "40",
      "44",
      "48",
      "52",
      "56",
      "60",
      "64",
      "72",
      "80",
      "96",
      "px",
      "0.5",
      "1.5",
      "2.5",
      "3.5"
    ],
    "atom:my": [
      "0",
      "1",
      "2",
      "3",
      "4",
      "5",
      "6",
      "7",
      "8",
      "9",
      "10",
      "11",
      "12",
      "14",
      "16",
      "20",
      "24",
      "28",
      "32",
      "36",
      "40",
      "44",
      "48",
      "52",
      "56",
      "60",
      "64",
      "72",
      "80",
      "96",
      "px",
      "0.5",
      "1.5",
      "2.5",
      "3.5"
    ],
    "atom:mx": [
      "0",
      "1",
      "2",
      "3",
      "4",
      "5",
      "6",
      "7",
      "8",
      "9",
      "10",
      "11",
      "12",
      "14",
      "16",
      "20",
      "24",
      "28",
      "32",
      "36",
      "40",
      "44",
      "48",
      "52",
      "56",
      "60",
      "64",
      "72",
      "80",
      "96",
      "px",
      "0.5",
      "1.5",
      "2.5",
      "3.5"
    ],
    "atom:mt": [
      "0",
      "1",
      "2",
      "3",
      "4",
      "5",
      "6",
      "7",
      "8",
      "9",
      "10",
      "11",
      "12",
      "14",
      "16",
      "20",
      "24",
      "28",
      "32",
      "36",
      "40",
      "44",
      "48",
      "52",
      "56",
      "60",
      "64",
      "72",
      "80",
      "96",
      "px",
      "0.5",
      "1.5",
      "2.5",
      "3.5"
    ],
    "atom:mr": [
      "0",
      "1",
      "2",
      "3",
      "4",
      "5",
      "6",
      "7",
      "8",
      "9",
      "10",
      "11",
      "12",
      "14",
      "16",
      "20",
      "24",
      "28",
      "32",
      "36",
      "40",
      "44",
      "48",
      "52",
      "56",
      "60",
      "64",
      "72",
      "80",
      "96",
      "px",
      "0.5",
      "1.5",
      "2.5",
      "3.5"
    ],
    "atom:mb": [
      "0",
      "1",
      "2",
      "3",
      "4",
      "5",
      "6",
      "7",
      "8",
      "9",
      "10",
      "11",
      "12",
      "14",
      "16",
      "20",
      "24",
      "28",
      "32",
      "36",
      "40",
      "44",
      "48",
      "52",
      "56",
      "60",
      "64",
      "72",
      "80",
      "96",
      "px",
      "0.5",
      "1.5",
      "2.5",
      "3.5"
    ],
    "atom:ml": [
      "0",
      "1",
      "2",
      "3",
      "4",
      "5",
      "6",
      "7",
      "8",
      "9",
      "10",
      "11",
      "12",
      "14",
      "16",
      "20",
      "24",
      "28",
      "32",
      "36",
      "40",
      "44",
      "48",
      "52",
      "56",
      "60",
      "64",
      "72",
      "80",
      "96",
      "px",
      "0.5",
      "1.5",
      "2.5",
      "3.5"
    ],
    "atom:z": [
      "0",
      "1",
      "2",
      "3",
      "4",
      "5",
      "10",
      "20",
      "30",
      "40",
      "50",
      "60",
      "auto",
      "-1",
      "-2",
      "-3",
      "-5"
    ],
    "atom:dir": [
      "ltr",
      "rtl"
    ],
    "atom:bg": [
      "primary",
      "primaryContent",
      "secondary",
      "secondaryContent",
      "accent",
      "accentContent",
      "neutral",
      "neutralContent",
      "base100",
      "base200",
      "base300",
      "baseContent",
      "info",
      "infoContent",
      "success",
      "successContent",
      "warning",
      "warningContent",
      "error",
      "errorContent",
      "inherit",
      "current",
      "transparent",
      "black",
      "white",
      "slate50",
      "slate100",
      "slate200",
      "slate300",
      "slate400",
      "slate500",
      "slate600",
      "slate700",
      "slate800",
      "slate900",
      "slate950",
      "gray50",
      "gray100",
      "gray200",
      "gray300",
      "gray400",
      "gray500",
      "gray600",
      "gray700",
      "gray800",
      "gray900",
      "gray950",
      "zinc50",
      "zinc100",
      "zinc200",
      "zinc300",
      "zinc400",
      "zinc500",
      "zinc600",
      "zinc700",
      "zinc800",
      "zinc900",
      "zinc950",
      "neutral50",
      "neutral100",
      "neutral200",
      "neutral300",
      "neutral400",
      "neutral500",
      "neutral600",
      "neutral700",
      "neutral800",
      "neutral900",
      "neutral950",
      "stone50",
      "stone100",
      "stone200",
      "stone300",
      "stone400",
      "stone500",
      "stone600",
      "stone700",
      "stone800",
      "stone900",
      "stone950",
      "red50",
      "red100",
      "red200",
      "red300",
      "red400",
      "red500",
      "red600",
      "red700",
      "red800",
      "red900",
      "red950",
      "orange50",
      "orange100",
      "orange200",
      "orange300",
      "orange400",
      "orange500",
      "orange600",
      "orange700",
      "orange800",
      "orange900",
      "orange950",
      "amber50",
      "amber100",
      "amber200",
      "amber300",
      "amber400",
      "amber500",
      "amber600",
      "amber700",
      "amber800",
      "amber900",
      "amber950",
      "yellow50",
      "yellow100",
      "yellow200",
      "yellow300",
      "yellow400",
      "yellow500",
      "yellow600",
      "yellow700",
      "yellow800",
      "yellow900",
      "yellow950",
      "lime50",
      "lime100",
      "lime200",
      "lime300",
      "lime400",
      "lime500",
      "lime600",
      "lime700",
      "lime800",
      "lime900",
      "lime950",
      "green50",
      "green100",
      "green200",
      "green300",
      "green400",
      "green500",
      "green600",
      "green700",
      "green800",
      "green900",
      "green950",
      "emerald50",
      "emerald100",
      "emerald200",
      "emerald300",
      "emerald400",
      "emerald500",
      "emerald600",
      "emerald700",
      "emerald800",
      "emerald900",
      "emerald950",
      "teal50",
      "teal100",
      "teal200",
      "teal300",
      "teal400",
      "teal500",
      "teal600",
      "teal700",
      "teal800",
      "teal900",
      "teal950",
      "cyan50",
      "cyan100",
      "cyan200",
      "cyan300",
      "cyan400",
      "cyan500",
      "cyan600",
      "cyan700",
      "cyan800",
      "cyan900",
      "cyan950",
      "sky50",
      "sky100",
      "sky200",
      "sky300",
      "sky400",
      "sky500",
      "sky600",
      "sky700",
      "sky800",
      "sky900",
      "sky950",
      "blue50",
      "blue100",
      "blue200",
      "blue300",
      "blue400",
      "blue500",
      "blue600",
      "blue700",
      "blue800",
      "blue900",
      "blue950",
      "indigo50",
      "indigo100",
      "indigo200",
      "indigo300",
      "indigo400",
      "indigo500",
      "indigo600",
      "indigo700",
      "indigo800",
      "indigo900",
      "indigo950",
      "violet50",
      "violet100",
      "violet200",
      "violet300",
      "violet400",
      "violet500",
      "violet600",
      "violet700",
      "violet800",
      "violet900",
      "violet950",
      "purple50",
      "purple100",
      "purple200",
      "purple300",
      "purple400",
      "purple500",
      "purple600",
      "purple700",
      "purple800",
      "purple900",
      "purple950",
      "fuchsia50",
      "fuchsia100",
      "fuchsia200",
      "fuchsia300",
      "fuchsia400",
      "fuchsia500",
      "fuchsia600",
      "fuchsia700",
      "fuchsia800",
      "fuchsia900",
      "fuchsia950",
      "pink50",
      "pink100",
      "pink200",
      "pink300",
      "pink400",
      "pink500",
      "pink600",
      "pink700",
      "pink800",
      "pink900",
      "pink950",
      "rose50",
      "rose100",
      "rose200",
      "rose300",
      "rose400",
      "rose500",
      "rose600",
      "rose700",
      "rose800",
      "rose900",
      "rose950"
    ],
    "atom:bgOpacity": [
      "0",
      "5",
      "10",
      "20",
      "30",
      "40",
      "50",
      "60",
      "70",
      "75",
      "80",
      "90",
      "95",
      "100"
    ],
    "atom:opacity": [
      "0",
      "5",
      "10",
      "20",
      "30",
      "40",
      "50",
      "60",
      "70",
      "75",
      "80",
      "90",
      "95",
      "100"
    ]
  }
}
