---
source: crates/skribble_core/src/config.rs
expression: config
---
{
  "options": {
    "colorFormat": "rgb",
    "variablePrefix": "sk",
    "charset": "utf-8",
    "useRegisteredProperties": false
  },
  "keyframes": [],
  "variables": [],
  "mediaQueries": [],
  "parentModifiers": [],
  "modifiers": [],
  "rules": {},
  "classes": {},
  "palette": {},
  "atoms": [],
  "notDefined": {}
}
