---
source: crates/skribble_core/src/config.rs
expression: "StyleConfig::default()"
---
{
  "options": {
    "charset": "utf-8",
    "layer": "default",
    "colorFormat": "hsl",
    "mergeRules": {
      "keyframes": "append",
      "variables": "append",
      "mediaQueries": "append",
      "modifiers": "append",
      "rules": "append",
      "classes": "append",
      "palette": "append",
      "atoms": "append",
      "groups": "append"
    },
    "useRegisteredProperties": false,
    "variablePrefix": "sk"
  },
  "layers": [],
  "keyframes": [],
  "variables": [],
  "mediaQueries": [],
  "modifiers": [],
  "atoms": [],
  "classes": [],
  "palette": {},
  "valueSets": [],
  "groups": []
}
